// Jest Snapshot v1, https://goo.gl/fbAQLP

exports[`Section renders 1`] = `
<section
  className="Section container"
/>
`;
