// Jest Snapshot v1, https://goo.gl/fbAQLP

exports[`Loader renders 1`] = `
<img
  alt=""
  src="loading-process.svg"
/>
`;
